// 重构日志: 84f44ce6
// 重构日志: ab5e7c84
// 重构日志: 09081825
// 同步 ID: bfcdbc7d @ Thu Jul 30 12:31:45 UTC 2026
// 同步 ID: 30792d7d @ Fri Jul 31 01:12:06 UTC 2026
// 同步 ID: 38b067ea @ Fri Jul 31 05:08:43 UTC 2026
// 同步 ID: 7d0895ed @ Fri Jul 31 08:46:25 UTC 2026
// 重构日志: ef179e52
// 重构日志: a16eb21d
// 重构日志: 161dfb1c
// 同步 ID: 367b87a4 @ Sat Aug  1 08:36:07 UTC 2026
// 重构日志: f8d70c7d
// 同步 ID: c41f2adf @ Tue Aug  4 03:54:47 UTC 2026
// 重构日志: 07cc980c
// 重构日志: 57d23e8c
// 重构日志: 8ad9dd7c
// 同步 ID: 9d74f185 @ Wed Aug  5 13:23:32 UTC 2026
// 重构日志: 833d6cc6
// 重构日志: 66fcb26c
// 重构日志: 20611d74
// 重构日志: abf0c328
// 同步 ID: 8bce9b55 @ Fri Aug  7 12:14:50 UTC 2026
// 同步 ID: 55150836 @ Fri Aug  7 13:20:56 UTC 2026
// 同步 ID: 61577e33 @ Fri Aug  7 15:40:57 UTC 2026
// 重构日志: 1c2689d4
// 重构日志: 8161cb44
// 重构日志: 6e261e9b
// 同步 ID: 53de4207 @ Sat Aug  8 05:33:06 UTC 2026
// 同步 ID: f849d34a @ Sat Aug  8 08:21:33 UTC 2026
// 同步 ID: a9d76491 @ Sat Aug  8 13:33:11 UTC 2026
